    Gamebook



Turn to 1 to begin.
1
 Demonstrating how Codewords (AKA sightings) can be used. Go to 2. 

2
 Got codeword warrior. Simple enough to set a codeword. Turn to 9. 

3
 That was easy.    

4
 OK, if you have the codeword warrior, you may turn to 3 otherwise you may go back to 2. Although we both know you have that codeword. If you have the codeword fun you may turn to 5, without it you can go to 8. 

5
 Cheater! There is no way you can have codeword fun. 

6
 If you have the codeword fun turn to 5. Otherwise you can go to the end at 3 or to the xortest at 4. 

7
 If you have codeword warrior turn to 6. Otherwise you can go to the end at 3 or back to 1. 

8
 This is just to demonstrate choices allowed when not having a codeword. Now go on to 7 (autotest) or 4 (xor test). 

9
 If you have the codeword warrior you may turn to 3. If you do not have the codeword fun, you may turn to 8. If you have the codeword fun, you may instead turn to 5. Otherwise see 4. 

