<!DOCTYPE html>
<html>
  <head>
    <meta charset='utf-8'>
    <meta name="viewport"
        content="width=device-width, initial-scale=1, maximum-scale=1">
    <title>Counters Example</title>
    <script type="text/javascript" src="gamebookformatplay.js"></script>
    <link rel="stylesheet" href="gamebookformat.css"
          type="text/css" />
    <script>
      gamebook.id = 'counters';
    </script>
  </head>
  <body>
<div class="hideintrolink nodisplay"
    onclick="gamebook.hideIntroSections()">(hide instructions)</div>
  <div class="gamebook">
<div class="introsection">
<div class="introsectionheading">Introduction</div>
<div class="introsectionbody">
 This example gamebook shows how to use counters.
</div>
</div>

<div class="resumelink nodisplay"
  onclick="gamebook.loadGame()">Resume saved game.</div>

<div class="startlink"
  onclick="gamebook.turnTo(1)">Turn to 1 to begin.</div>
<script>
    if (gamebook.hasSavedGame()) {
        var resumeLinks = document.getElementsByClassName('resumelink');
        Array.prototype.forEach.call(resumeLinks, function(e) {
            e.classList.remove('nodisplay');
        });
    }
</script>
<div class="section" id="section1">
<div class="sectionnumber" id="para1">1</div>
<div class="sectiontext">
 This is where the gamebook starts. We have counters for <span class="count counterChange" data-type="life"
    data-name="Life Points">Life Points</span> and for <span class="count counterChange" data-type="gold"
    data-name="Gold">Gold</span>. You start the adventure with <span class="set counterChange" data-type="life"
      data-amount="10">10 Life Points</span> and <span class="set counterChange" data-type="gold"
      data-amount="12">12 Gold</span>. You can never have less than <span class="min counterChange" data-type="gold"
      data-limit="0">0 Gold</span>
. FIXME need to figure out best syntax for death when life points go below 1. Go to <a class="sectionref enabledlink" data-ref="4">4</a> to get more Gold or <a class="sectionref enabledlink" data-ref="3">3</a> to lose some Life Points. 
</div>
</div>
<script>
if (this.gamebook) {
   gamebook.addSection(1, document.getElementById('section1'));
}
</script><div class="section" id="section2">
<div class="sectionnumber" id="para2">2</div>
<div class="sectiontext">
 You drop <span class="dec counterChange" data-type="gold"
      data-amount="5">5 Gold</span>. It should not be possible to go below 0. Then go on to get gold at <a class="sectionref enabledlink" data-ref="4">4</a> or lose life at <a class="sectionref enabledlink" data-ref="3">3</a>.
</div>
</div>
<script>
if (this.gamebook) {
   gamebook.addSection(2, document.getElementById('section2'));
}
</script><div class="section" id="section3">
<div class="sectionnumber" id="para3">3</div>
<div class="sectiontext">
 You lose <span class="dec counterChange" data-type="life"
      data-amount="1">1 Life Points</span>. You can go to <a class="sectionref enabledlink" data-ref="4">4</a> to get some Gold. 
</div>
</div>
<script>
if (this.gamebook) {
   gamebook.addSection(3, document.getElementById('section3'));
}
</script><div class="section" id="section4">
<div class="sectionnumber" id="para4">4</div>
<div class="sectiontext">
 Congratulations, you found <span class="inc counterChange" data-type="gold"
      data-amount="2">2 Gold</span>. You can go to <a class="sectionref enabledlink" data-ref="3">3</a> to lose some life or to <a class="sectionref enabledlink" data-ref="2">2</a> to drop some gold. 
</div>
</div>
<script>
if (this.gamebook) {
   gamebook.addSection(4, document.getElementById('section4'));
}
</script>     <div id="counters" class="counters">
    </div>
    <div id="counterTemplate" class="counterTemplate">
      <span class="counterheading"></span>
      <span class="countercontents"></span>
    </div>
    </div>
    <div id="collections" class="collections">
    </div>
    <div id="collectionTemplate" class="collectionTemplate">
      <span class="collectionheading"></span>
      <span class="collectioncontents"></span>
    </div>
    </div>
    <script>
if (this.gamebook) {
    gamebook.runActionsInIntroSections();
}
    </script>
<div class="displayintrolink nodisplay"
    onclick="gamebook.showIntroSections()">(show instructions)</div>
    </div>
  </body>
</html>
