    HTMLBook

Introduction
 This is an introduction. This example gamebook is for testing the htmlbook option. See https://github.com/oreillymedia/HTMLBook for more information about HTMLBook. 

More
 This is another introduction section, just to see that formatting is correct when there are more than one. 


Turn to 1 to begin.
1
 Got to this section. Story ends here.

2
 Got to another section. Story ends here. 

3
 This is the first section. From here you can go to the unnamed section 2 or this named section (1). 

