<!DOCTYPE html>

<html xmlns:xsi="http://www.w3.org/2001/XMLSchema-instance"
 xsi:schemaLocation="http://www.w3.org/1999/xhtml ../../HTMLBook/schema/htmlbook.xsd"
 xmlns="http://www.w3.org/1999/xhtml">

<head>
 <title>HTMLBook</title>
 <meta name="HTMLBook" content="text/html; charset=utf-8" />
</head>
<body data-type="book" class="book" id="htmlbook">
 <section data-type="titlepage" class="titlepage">
    <h1>HTMLBook</h1>
    <p data-type="author"></p>
 </section>
<section data-type="chapter" id="sections">
<h1>HTMLBook</h1>
<section data-type="sect1" class="sect1">
<h1>Introduction</h1>
<p> This is an introduction. This example gamebook is for testing the htmlbook option. See https://github.com/oreillymedia/HTMLBook for more information about HTMLBook. </p>
</section>

<section data-type="sect1" class="sect1">
<h1>More</h1>
<p> This is another introduction section, just to see that formatting is correct when there are more than one. </p>
</section>


<section data-type="sect1" class="sect1" id="section1">
<h1>1</h1>
<p> Got to this section. Story ends here.</p>
</section>
<section data-type="sect1" class="sect1" id="section2">
<h1>2</h1>
<p> Got to another section. Story ends here. </p>
</section>
<section data-type="sect1" class="sect1" id="section3">
<h1>3</h1>
<p> This is the first section. From here you can go to the unnamed section <a href="#section2">2</a>
 or <a href="#section1">this named section</a>
. </p>
</section>
    </section>
  </body>
</html>
