{
  "title" : "Letter",
  "nr_sections" : "1",

  "sections" : {"IGNORE-debug-json-padding-IGNORE" : "", "start" : {
  "nr" : 1,
  "text" : ["" ," LaTeX output (and this PDF output) from this book should be in letter size rather than the default A5 size (see command-line options used in letter.gamebook.options)."]
}
}}
