\documentclass[letter,onecolumn]{book}
\usepackage[utf8]{inputenc}
\usepackage[T1]{fontenc}
\usepackage[hidelinks]{hyperref}
\usepackage{graphicx}

\usepackage[top=3.3cm, bottom=3.3cm, left=2cm, right=2cm]{geometry}
\newif\ifpdf
\ifx\pdfoutput\undefined
  \pdffalse
\else
  \ifnum\pdfoutput=1
    \pdftrue
  \else
    \pdffalse
  \fi
\fi

\title{Letter}
\author{}
\date{}

\newcounter{sectionnr}

\begin{document}

\maketitle

\clearpage

\thispagestyle{empty}

\pagestyle{empty}


Turn to 1 to begin.
\phantomsection
\refstepcounter{sectionnr}
\label{section1}
\subsection*{\begin{center} \textbf{1} \end{center}}

 \noindent
 LaTeX output (and this PDF output) from this book should be in letter size rather than the default A5 size (see command-line options used in letter.gamebook.options).
\vspace{1em}
\end{document}
