    Letter



Turn to 1 to begin.
1
 LaTeX output (and this PDF output) from this book should be in letter size rather than the default A5 size (see command-line options used in letter.gamebook.options).

