\documentclass[a5,onecolumn]{book}

\usepackage[utf8]{inputenc}
\usepackage[T1]{fontenc}
\usepackage[hidelinks]{hyperref}
\usepackage{graphicx}

\usepackage[top=3.3cm, bottom=3.3cm, left=2cm, right=2cm]{geometry}
\newif\ifpdf
\ifx\pdfoutput\undefined
  \pdffalse
\else
  \ifnum\pdfoutput=1
    \pdftrue
  \else
    \pdffalse
  \fi
\fi

\title{Gamebook}
\author{}
\date{}

\newcounter{sectionnr}

\begin{document}

\maketitle

\thispagestyle{empty}

\pagestyle{empty}

\clearpage


\subsection*{\begin{center} \textbf{Introduction} \end{center}}


 \noindent
 This gamebook demonstrates simple references between sections. Also notice that an intro section like this one can reference sections, like the start at \textbf{\autoref{section1}} or the next section at \textbf{\autoref{section202}}. 
\vspace{1em}

Turn to 1 to begin.

\phantomsection
\refstepcounter{sectionnr}
\label{section1}
\subsection*{\begin{center} \textbf{1} \end{center}}

 \noindent
 This is where the adventure begins. You can go on to the next section, see \textbf{\autoref{section202}} or try the random selection feature at \textbf{\autoref{section76}}. 
\vspace{1em}
\refstepcounter{sectionnr}
\refstepcounter{sectionnr}
\refstepcounter{sectionnr}
\refstepcounter{sectionnr}
\refstepcounter{sectionnr}
\refstepcounter{sectionnr}
\refstepcounter{sectionnr}
\refstepcounter{sectionnr}
\refstepcounter{sectionnr}
\refstepcounter{sectionnr}
\refstepcounter{sectionnr}
\refstepcounter{sectionnr}
\refstepcounter{sectionnr}
\refstepcounter{sectionnr}
\refstepcounter{sectionnr}
\refstepcounter{sectionnr}
\refstepcounter{sectionnr}
\refstepcounter{sectionnr}
\refstepcounter{sectionnr}
\refstepcounter{sectionnr}
\refstepcounter{sectionnr}
\refstepcounter{sectionnr}
\refstepcounter{sectionnr}
\refstepcounter{sectionnr}
\refstepcounter{sectionnr}
\refstepcounter{sectionnr}
\refstepcounter{sectionnr}
\refstepcounter{sectionnr}
\refstepcounter{sectionnr}
\refstepcounter{sectionnr}
\refstepcounter{sectionnr}
\refstepcounter{sectionnr}
\refstepcounter{sectionnr}
\refstepcounter{sectionnr}
\refstepcounter{sectionnr}
\refstepcounter{sectionnr}
\refstepcounter{sectionnr}
\refstepcounter{sectionnr}
\refstepcounter{sectionnr}
\refstepcounter{sectionnr}
\refstepcounter{sectionnr}
\refstepcounter{sectionnr}
\refstepcounter{sectionnr}
\refstepcounter{sectionnr}
\refstepcounter{sectionnr}
\refstepcounter{sectionnr}
\refstepcounter{sectionnr}
\refstepcounter{sectionnr}
\refstepcounter{sectionnr}
\refstepcounter{sectionnr}
\refstepcounter{sectionnr}
\refstepcounter{sectionnr}
\refstepcounter{sectionnr}
\refstepcounter{sectionnr}
\refstepcounter{sectionnr}
\refstepcounter{sectionnr}
\refstepcounter{sectionnr}
\refstepcounter{sectionnr}
\refstepcounter{sectionnr}
\refstepcounter{sectionnr}
\refstepcounter{sectionnr}
\refstepcounter{sectionnr}
\refstepcounter{sectionnr}
\refstepcounter{sectionnr}
\refstepcounter{sectionnr}
\phantomsection
\refstepcounter{sectionnr}
\label{section67}
\subsection*{\begin{center} \textbf{67} \end{center}}

 \noindent
 Alternative ending. 
\vspace{1em}
\refstepcounter{sectionnr}
\refstepcounter{sectionnr}
\refstepcounter{sectionnr}
\refstepcounter{sectionnr}
\refstepcounter{sectionnr}
\refstepcounter{sectionnr}
\refstepcounter{sectionnr}
\refstepcounter{sectionnr}
\phantomsection
\refstepcounter{sectionnr}
\label{section76}
\subsection*{\begin{center} \textbf{76} \end{center}}

 \noindent
 Pick a destination at random from \textbf{\autoref{section202}} or \textbf{\autoref{section345}} or \textbf{\autoref{section67}}. 
\vspace{1em}
\refstepcounter{sectionnr}
\refstepcounter{sectionnr}
\refstepcounter{sectionnr}
\refstepcounter{sectionnr}
\refstepcounter{sectionnr}
\refstepcounter{sectionnr}
\refstepcounter{sectionnr}
\refstepcounter{sectionnr}
\refstepcounter{sectionnr}
\refstepcounter{sectionnr}
\refstepcounter{sectionnr}
\refstepcounter{sectionnr}
\refstepcounter{sectionnr}
\refstepcounter{sectionnr}
\refstepcounter{sectionnr}
\refstepcounter{sectionnr}
\refstepcounter{sectionnr}
\refstepcounter{sectionnr}
\refstepcounter{sectionnr}
\refstepcounter{sectionnr}
\refstepcounter{sectionnr}
\refstepcounter{sectionnr}
\refstepcounter{sectionnr}
\refstepcounter{sectionnr}
\refstepcounter{sectionnr}
\refstepcounter{sectionnr}
\refstepcounter{sectionnr}
\refstepcounter{sectionnr}
\refstepcounter{sectionnr}
\refstepcounter{sectionnr}
\refstepcounter{sectionnr}
\refstepcounter{sectionnr}
\refstepcounter{sectionnr}
\refstepcounter{sectionnr}
\refstepcounter{sectionnr}
\refstepcounter{sectionnr}
\refstepcounter{sectionnr}
\refstepcounter{sectionnr}
\refstepcounter{sectionnr}
\refstepcounter{sectionnr}
\refstepcounter{sectionnr}
\refstepcounter{sectionnr}
\refstepcounter{sectionnr}
\refstepcounter{sectionnr}
\refstepcounter{sectionnr}
\refstepcounter{sectionnr}
\refstepcounter{sectionnr}
\refstepcounter{sectionnr}
\refstepcounter{sectionnr}
\refstepcounter{sectionnr}
\refstepcounter{sectionnr}
\refstepcounter{sectionnr}
\refstepcounter{sectionnr}
\refstepcounter{sectionnr}
\refstepcounter{sectionnr}
\refstepcounter{sectionnr}
\refstepcounter{sectionnr}
\refstepcounter{sectionnr}
\refstepcounter{sectionnr}
\refstepcounter{sectionnr}
\refstepcounter{sectionnr}
\refstepcounter{sectionnr}
\refstepcounter{sectionnr}
\refstepcounter{sectionnr}
\refstepcounter{sectionnr}
\refstepcounter{sectionnr}
\refstepcounter{sectionnr}
\refstepcounter{sectionnr}
\refstepcounter{sectionnr}
\refstepcounter{sectionnr}
\refstepcounter{sectionnr}
\refstepcounter{sectionnr}
\refstepcounter{sectionnr}
\refstepcounter{sectionnr}
\refstepcounter{sectionnr}
\refstepcounter{sectionnr}
\refstepcounter{sectionnr}
\refstepcounter{sectionnr}
\refstepcounter{sectionnr}
\refstepcounter{sectionnr}
\refstepcounter{sectionnr}
\refstepcounter{sectionnr}
\refstepcounter{sectionnr}
\refstepcounter{sectionnr}
\refstepcounter{sectionnr}
\refstepcounter{sectionnr}
\refstepcounter{sectionnr}
\refstepcounter{sectionnr}
\refstepcounter{sectionnr}
\refstepcounter{sectionnr}
\refstepcounter{sectionnr}
\refstepcounter{sectionnr}
\refstepcounter{sectionnr}
\refstepcounter{sectionnr}
\refstepcounter{sectionnr}
\refstepcounter{sectionnr}
\refstepcounter{sectionnr}
\refstepcounter{sectionnr}
\refstepcounter{sectionnr}
\refstepcounter{sectionnr}
\refstepcounter{sectionnr}
\refstepcounter{sectionnr}
\refstepcounter{sectionnr}
\refstepcounter{sectionnr}
\refstepcounter{sectionnr}
\refstepcounter{sectionnr}
\refstepcounter{sectionnr}
\refstepcounter{sectionnr}
\refstepcounter{sectionnr}
\refstepcounter{sectionnr}
\refstepcounter{sectionnr}
\refstepcounter{sectionnr}
\refstepcounter{sectionnr}
\refstepcounter{sectionnr}
\refstepcounter{sectionnr}
\refstepcounter{sectionnr}
\refstepcounter{sectionnr}
\refstepcounter{sectionnr}
\refstepcounter{sectionnr}
\refstepcounter{sectionnr}
\refstepcounter{sectionnr}
\refstepcounter{sectionnr}
\refstepcounter{sectionnr}
\refstepcounter{sectionnr}
\refstepcounter{sectionnr}
\phantomsection
\refstepcounter{sectionnr}
\label{section202}
\subsection*{\begin{center} \textbf{202} \end{center}}

 \noindent
 This is the next section. Go on to the end at \textbf{\autoref{section345}}. 
\vspace{1em}
\refstepcounter{sectionnr}
\refstepcounter{sectionnr}
\refstepcounter{sectionnr}
\refstepcounter{sectionnr}
\refstepcounter{sectionnr}
\refstepcounter{sectionnr}
\refstepcounter{sectionnr}
\refstepcounter{sectionnr}
\refstepcounter{sectionnr}
\refstepcounter{sectionnr}
\refstepcounter{sectionnr}
\refstepcounter{sectionnr}
\refstepcounter{sectionnr}
\refstepcounter{sectionnr}
\refstepcounter{sectionnr}
\refstepcounter{sectionnr}
\refstepcounter{sectionnr}
\refstepcounter{sectionnr}
\refstepcounter{sectionnr}
\refstepcounter{sectionnr}
\refstepcounter{sectionnr}
\refstepcounter{sectionnr}
\refstepcounter{sectionnr}
\refstepcounter{sectionnr}
\refstepcounter{sectionnr}
\refstepcounter{sectionnr}
\refstepcounter{sectionnr}
\refstepcounter{sectionnr}
\refstepcounter{sectionnr}
\refstepcounter{sectionnr}
\refstepcounter{sectionnr}
\refstepcounter{sectionnr}
\refstepcounter{sectionnr}
\refstepcounter{sectionnr}
\refstepcounter{sectionnr}
\refstepcounter{sectionnr}
\refstepcounter{sectionnr}
\refstepcounter{sectionnr}
\refstepcounter{sectionnr}
\refstepcounter{sectionnr}
\refstepcounter{sectionnr}
\refstepcounter{sectionnr}
\refstepcounter{sectionnr}
\refstepcounter{sectionnr}
\refstepcounter{sectionnr}
\refstepcounter{sectionnr}
\refstepcounter{sectionnr}
\refstepcounter{sectionnr}
\refstepcounter{sectionnr}
\refstepcounter{sectionnr}
\refstepcounter{sectionnr}
\refstepcounter{sectionnr}
\refstepcounter{sectionnr}
\refstepcounter{sectionnr}
\refstepcounter{sectionnr}
\refstepcounter{sectionnr}
\refstepcounter{sectionnr}
\refstepcounter{sectionnr}
\refstepcounter{sectionnr}
\refstepcounter{sectionnr}
\refstepcounter{sectionnr}
\refstepcounter{sectionnr}
\refstepcounter{sectionnr}
\refstepcounter{sectionnr}
\refstepcounter{sectionnr}
\refstepcounter{sectionnr}
\refstepcounter{sectionnr}
\refstepcounter{sectionnr}
\refstepcounter{sectionnr}
\refstepcounter{sectionnr}
\refstepcounter{sectionnr}
\refstepcounter{sectionnr}
\refstepcounter{sectionnr}
\refstepcounter{sectionnr}
\refstepcounter{sectionnr}
\refstepcounter{sectionnr}
\refstepcounter{sectionnr}
\refstepcounter{sectionnr}
\refstepcounter{sectionnr}
\refstepcounter{sectionnr}
\refstepcounter{sectionnr}
\refstepcounter{sectionnr}
\refstepcounter{sectionnr}
\refstepcounter{sectionnr}
\refstepcounter{sectionnr}
\refstepcounter{sectionnr}
\refstepcounter{sectionnr}
\refstepcounter{sectionnr}
\refstepcounter{sectionnr}
\refstepcounter{sectionnr}
\refstepcounter{sectionnr}
\refstepcounter{sectionnr}
\refstepcounter{sectionnr}
\refstepcounter{sectionnr}
\refstepcounter{sectionnr}
\refstepcounter{sectionnr}
\refstepcounter{sectionnr}
\refstepcounter{sectionnr}
\refstepcounter{sectionnr}
\refstepcounter{sectionnr}
\refstepcounter{sectionnr}
\refstepcounter{sectionnr}
\refstepcounter{sectionnr}
\refstepcounter{sectionnr}
\refstepcounter{sectionnr}
\refstepcounter{sectionnr}
\refstepcounter{sectionnr}
\refstepcounter{sectionnr}
\refstepcounter{sectionnr}
\refstepcounter{sectionnr}
\refstepcounter{sectionnr}
\refstepcounter{sectionnr}
\refstepcounter{sectionnr}
\refstepcounter{sectionnr}
\refstepcounter{sectionnr}
\refstepcounter{sectionnr}
\refstepcounter{sectionnr}
\refstepcounter{sectionnr}
\refstepcounter{sectionnr}
\refstepcounter{sectionnr}
\refstepcounter{sectionnr}
\refstepcounter{sectionnr}
\refstepcounter{sectionnr}
\refstepcounter{sectionnr}
\refstepcounter{sectionnr}
\refstepcounter{sectionnr}
\refstepcounter{sectionnr}
\refstepcounter{sectionnr}
\refstepcounter{sectionnr}
\refstepcounter{sectionnr}
\refstepcounter{sectionnr}
\refstepcounter{sectionnr}
\refstepcounter{sectionnr}
\refstepcounter{sectionnr}
\refstepcounter{sectionnr}
\refstepcounter{sectionnr}
\refstepcounter{sectionnr}
\refstepcounter{sectionnr}
\refstepcounter{sectionnr}
\refstepcounter{sectionnr}
\refstepcounter{sectionnr}
\refstepcounter{sectionnr}
\phantomsection
\refstepcounter{sectionnr}
\label{section345}
\subsection*{\begin{center} \textbf{345} \end{center}}

 \noindent
 The end. 
\vspace{1em}
\refstepcounter{sectionnr}
\refstepcounter{sectionnr}
\refstepcounter{sectionnr}
\refstepcounter{sectionnr}
\refstepcounter{sectionnr}
\refstepcounter{sectionnr}
\refstepcounter{sectionnr}
\refstepcounter{sectionnr}
\refstepcounter{sectionnr}
\refstepcounter{sectionnr}
\refstepcounter{sectionnr}
\refstepcounter{sectionnr}
\refstepcounter{sectionnr}
\refstepcounter{sectionnr}
\refstepcounter{sectionnr}
\refstepcounter{sectionnr}
\refstepcounter{sectionnr}
\refstepcounter{sectionnr}
\refstepcounter{sectionnr}
\refstepcounter{sectionnr}
\refstepcounter{sectionnr}
\refstepcounter{sectionnr}
\refstepcounter{sectionnr}
\refstepcounter{sectionnr}
\refstepcounter{sectionnr}
\refstepcounter{sectionnr}
\refstepcounter{sectionnr}
\refstepcounter{sectionnr}
\refstepcounter{sectionnr}
\refstepcounter{sectionnr}
\refstepcounter{sectionnr}
\refstepcounter{sectionnr}
\refstepcounter{sectionnr}
\refstepcounter{sectionnr}
\refstepcounter{sectionnr}
\refstepcounter{sectionnr}
\refstepcounter{sectionnr}
\refstepcounter{sectionnr}
\refstepcounter{sectionnr}
\refstepcounter{sectionnr}
\refstepcounter{sectionnr}
\refstepcounter{sectionnr}
\refstepcounter{sectionnr}
\refstepcounter{sectionnr}
\refstepcounter{sectionnr}
\refstepcounter{sectionnr}
\refstepcounter{sectionnr}
\refstepcounter{sectionnr}
\refstepcounter{sectionnr}
\refstepcounter{sectionnr}
\refstepcounter{sectionnr}
\refstepcounter{sectionnr}
\refstepcounter{sectionnr}
\refstepcounter{sectionnr}
\refstepcounter{sectionnr}
\end{document}
