    Gamebook



Turn to 1 to begin.
1
 It starts here. You can get to 4. 

2
 Another fake section that is also ignored. 

3
 You can not get here either, but because it is tagged as fake there will be no warning generated. 

4
 You can get here. Congratulations! 

5
 You can not get here. Verification should warn you about that, if enabled (with the --verify option). 

