\documentclass[a5paper,onecolumn]{book}

\usepackage[utf8]{inputenc}
\usepackage[T1]{fontenc}
\usepackage[hidelinks]{hyperref}
\usepackage{graphicx}

\usepackage[top=3.3cm, bottom=3.3cm, left=2cm, right=2cm]{geometry}
\newif\ifpdf
\ifx\pdfoutput\undefined
  \pdffalse
\else
  \ifnum\pdfoutput=1
    \pdftrue
  \else
    \pdffalse
  \fi
\fi

\title{Gamebook}
\author{}
\date{}

\newcounter{sectionnr}

\begin{document}

\maketitle

\clearpage

\thispagestyle{empty}

\pagestyle{empty}


Turn to 1 to begin.
\phantomsection
\refstepcounter{sectionnr}
\label{section1}
\subsection*{\begin{center} \textbf{1} \end{center}}

 \noindent
 This gamebook contains a few sections tagged as demo, that will be included when building the example (see withdemo.gamebook.options file). There are also some sections without the demo tag that will be ignored. Go on to \textbf{\autoref{section5}} or \textbf{\autoref{section4}} or \textbf{\autoref{section2}}. 
\vspace{1em}
\phantomsection
\refstepcounter{sectionnr}
\label{section2}
\subsection*{\begin{center} \textbf{2} \end{center}}

 \noindent
 This is where references to non-demo sections will lead you. It is configured at the top of the gamebook file. Remember to tag this section correctly to be included. Go on to \textbf{\autoref{section4}}. 
\vspace{1em}
\phantomsection
\refstepcounter{sectionnr}
\label{section3}
\subsection*{\begin{center} \textbf{3} \end{center}}

 \noindent
 This is the end. It is also included in the demo. 
\vspace{1em}
\phantomsection
\refstepcounter{sectionnr}
\label{section4}
\subsection*{\begin{center} \textbf{4} \end{center}}

 \noindent
 This is the second demo section. You can go on to the end at \textbf{\autoref{section3}} or alternative (not in demo) end at \textbf{\autoref{section2}}. 
\vspace{1em}
\phantomsection
\refstepcounter{sectionnr}
\label{section5}
\subsection*{\begin{center} \textbf{5} \end{center}}

 \noindent
 This is the first demo section (not counting the start section). You can go on to the end at \textbf{\autoref{section3}}. 
\vspace{1em}
\end{document}
