{
  "title" : "Gamebook",
  "nr_sections" : "5",

  "sections" : {"IGNORE-debug-json-padding-IGNORE" : "", "start" : {
  "nr" : 1,
  "text" : ["" ," This gamebook contains a few sections tagged as demo, that will be included when building the example (see withdemo.gamebook.options file). There are also some sections without the demo tag that will be ignored. Go on to ",{"reference" : "5"}," or ",{"reference" : "4"}," or ",{"reference" : "2"},". "]
}
, "demoinfo" : {
  "nr" : 2,
  "text" : ["" ," This is where references to non-demo sections will lead you. It is configured at the top of the gamebook file. Remember to tag this section correctly to be included. Go on to ",{"reference" : "4"},". "]
}
, "theend" : {
  "nr" : 3,
  "text" : ["" ," This is the end. It is also included in the demo. "]
}
, "demo2" : {
  "nr" : 4,
  "text" : ["" ," This is the second demo section. You can go on to the end at ",{"reference" : "3"}," or alternative (not in demo) end at ",{"reference" : "2"},". "]
}
, "demo1" : {
  "nr" : 5,
  "text" : ["" ," This is the first demo section (not counting the start section). You can go on to the end at ",{"reference" : "3"},". "]
}
}}
