    Example Gamebook With Maps


Turn to 1 to begin.
10
 This should have number 10, as specified in first map file. The end, at 99, should be at 99. 

99
 Number 99, as specified in second map file.

